Archive member included because of file (symbol)

/usr/lib/gcc/avr/4.3.5/avr5/libgcc.a(_exit.o)
                              /usr/lib/gcc/avr/4.3.5/../../../avr/lib/avr5/crtm644p.o (exit)
/usr/lib/gcc/avr/4.3.5/avr5/libgcc.a(_copy_data.o)
                              obj/main.o (__do_copy_data)
/usr/lib/gcc/avr/4.3.5/avr5/libgcc.a(_clear_bss.o)
                              obj/main.o (__do_clear_bss)
/usr/lib/gcc/avr/4.3.5/../../../avr/lib/avr5/libc.a(malloc.o)
                              obj/main.o (malloc)
/usr/lib/gcc/avr/4.3.5/../../../avr/lib/avr5/libc.a(atoi.o)
                              obj/main.o (atoi)
/usr/lib/gcc/avr/4.3.5/../../../avr/lib/avr5/libc.a(memcpy_P.o)
                              obj/uip.o (memcpy_P)
/usr/lib/gcc/avr/4.3.5/../../../avr/lib/avr5/libc.a(strchr_P.o)
                              obj/httpd.o (strchr_P)
/usr/lib/gcc/avr/4.3.5/../../../avr/lib/avr5/libc.a(strcmp_P.o)
                              obj/main.o (strcmp_P)
/usr/lib/gcc/avr/4.3.5/../../../avr/lib/avr5/libc.a(strcpy_P.o)
                              obj/httpd.o (strcpy_P)
/usr/lib/gcc/avr/4.3.5/../../../avr/lib/avr5/libc.a(strlen_P.o)
                              obj/httpd.o (strlen_P)
/usr/lib/gcc/avr/4.3.5/../../../avr/lib/avr5/libc.a(strncmp_P.o)
                              obj/httpd.o (strncmp_P)
/usr/lib/gcc/avr/4.3.5/../../../avr/lib/avr5/libc.a(strncpy_P.o)
                              obj/httpd.o (strncpy_P)
/usr/lib/gcc/avr/4.3.5/../../../avr/lib/avr5/libc.a(memcpy.o)
                              obj/uip.o (memcpy)
/usr/lib/gcc/avr/4.3.5/../../../avr/lib/avr5/libc.a(memset.o)
                              obj/uip_arp.o (memset)
/usr/lib/gcc/avr/4.3.5/../../../avr/lib/avr5/libc.a(strchr.o)
                              obj/httpd.o (strchr)
/usr/lib/gcc/avr/4.3.5/../../../avr/lib/avr5/libc.a(strncmp.o)
                              obj/httpd.o (strncmp)
/usr/lib/gcc/avr/4.3.5/../../../avr/lib/avr5/libc.a(strncpy.o)
                              obj/httpd.o (strncpy)
/usr/lib/gcc/avr/4.3.5/../../../avr/lib/avr5/libc.a(strrchr.o)
                              obj/httpd.o (strrchr)
/usr/lib/gcc/avr/4.3.5/../../../avr/lib/avr5/libc.a(strupr.o)
                              obj/main.o (strupr)
/usr/lib/gcc/avr/4.3.5/../../../avr/lib/avr5/libc.a(itoa.o)
                              obj/main.o (itoa)
/usr/lib/gcc/avr/4.3.5/../../../avr/lib/avr5/libc.a(mul10.o)
                              /usr/lib/gcc/avr/4.3.5/../../../avr/lib/avr5/libc.a(atoi.o) (__mulhi_const_10)
/usr/lib/gcc/avr/4.3.5/../../../avr/lib/avr5/libc.a(snprintf.o)
                              obj/httpd-cgi.o (snprintf)
/usr/lib/gcc/avr/4.3.5/../../../avr/lib/avr5/libc.a(vfprintf_std.o)
                              /usr/lib/gcc/avr/4.3.5/../../../avr/lib/avr5/libc.a(snprintf.o) (vfprintf)
/usr/lib/gcc/avr/4.3.5/../../../avr/lib/avr5/libc.a(strnlen_P.o)
                              /usr/lib/gcc/avr/4.3.5/../../../avr/lib/avr5/libc.a(vfprintf_std.o) (strnlen_P)
/usr/lib/gcc/avr/4.3.5/../../../avr/lib/avr5/libc.a(strnlen.o)
                              /usr/lib/gcc/avr/4.3.5/../../../avr/lib/avr5/libc.a(vfprintf_std.o) (strnlen)
/usr/lib/gcc/avr/4.3.5/../../../avr/lib/avr5/libc.a(strrev.o)
                              /usr/lib/gcc/avr/4.3.5/../../../avr/lib/avr5/libc.a(itoa.o) (strrev)
/usr/lib/gcc/avr/4.3.5/../../../avr/lib/avr5/libc.a(fputc.o)
                              /usr/lib/gcc/avr/4.3.5/../../../avr/lib/avr5/libc.a(vfprintf_std.o) (fputc)
/usr/lib/gcc/avr/4.3.5/../../../avr/lib/avr5/libc.a(ultoa_invert.o)
                              /usr/lib/gcc/avr/4.3.5/../../../avr/lib/avr5/libc.a(vfprintf_std.o) (__ultoa_invert)
/usr/lib/gcc/avr/4.3.5/avr5/libgcc.a(_udivmodhi4.o)
                              /usr/lib/gcc/avr/4.3.5/../../../avr/lib/avr5/libc.a(itoa.o) (__udivmodhi4)
/usr/lib/gcc/avr/4.3.5/avr5/libgcc.a(_prologue.o)
                              /usr/lib/gcc/avr/4.3.5/../../../avr/lib/avr5/libc.a(snprintf.o) (__prologue_saves__)
/usr/lib/gcc/avr/4.3.5/avr5/libgcc.a(_epilogue.o)
                              /usr/lib/gcc/avr/4.3.5/../../../avr/lib/avr5/libc.a(snprintf.o) (__epilogue_restores__)

Allocating common symbols
Common symbol       size              file

uip_len             0x2               obj/uip.o
uip_sappdata        0x2               obj/uip.o
uip_acc32           0x4               obj/uip.o
uip_flags           0x1               obj/uip.o
sec_counter         0x2               obj/main.o
__brkval            0x2               /usr/lib/gcc/avr/4.3.5/../../../avr/lib/avr5/libc.a(malloc.o)
uip_appdata         0x2               obj/uip.o
uip_conn            0x2               obj/uip.o
uip_conns           0x15a             obj/uip.o
uip_listenports     0x4               obj/uip.o
uip_draddr          0x4               obj/uip.o
uip_stat            0x2c              obj/uip.o
__flp               0x2               /usr/lib/gcc/avr/4.3.5/../../../avr/lib/avr5/libc.a(malloc.o)
uip_netmask         0x4               obj/uip.o
uip_hostaddr        0x4               obj/uip.o
uip_buf             0x5de             obj/uip.o
uip_slen            0x2               obj/uip.o

Memory Configuration

Name             Origin             Length             Attributes
text             0x0000000000000000 0x0000000000020000 xr
data             0x0000000000800060 0x000000000000ffa0 rw !x
eeprom           0x0000000000810000 0x0000000000010000 rw !x
fuse             0x0000000000820000 0x0000000000000400 rw !x
lock             0x0000000000830000 0x0000000000000400 rw !x
signature        0x0000000000840000 0x0000000000000400 rw !x
*default*        0x0000000000000000 0xffffffffffffffff

Linker script and memory map

Address of section .data set to 0x800100
LOAD /usr/lib/gcc/avr/4.3.5/../../../avr/lib/avr5/crtm644p.o
LOAD obj/main.o
LOAD obj/CP2200.o
LOAD obj/uip.o
LOAD obj/uip_arp.o
LOAD obj/uiplib.o
LOAD obj/psock.o
LOAD obj/timer.o
LOAD obj/uip-neighbor.o
LOAD obj/httpd.o
LOAD obj/http-strings.o
LOAD obj/httpd-fs.o
LOAD obj/httpd-cgi.o
LOAD /usr/lib/gcc/avr/4.3.5/../../../avr/lib/avr5/libm.a
LOAD /usr/lib/gcc/avr/4.3.5/avr5/libgcc.a
LOAD /usr/lib/gcc/avr/4.3.5/../../../avr/lib/avr5/libc.a
LOAD /usr/lib/gcc/avr/4.3.5/avr5/libgcc.a

.hash
 *(.hash)

.dynsym
 *(.dynsym)

.dynstr
 *(.dynstr)

.gnu.version
 *(.gnu.version)

.gnu.version_d
 *(.gnu.version_d)

.gnu.version_r
 *(.gnu.version_r)

.rel.init
 *(.rel.init)

.rela.init
 *(.rela.init)

.rel.text
 *(.rel.text)
 *(.rel.text.*)
 *(.rel.gnu.linkonce.t*)

.rela.text
 *(.rela.text)
 *(.rela.text.*)
 *(.rela.gnu.linkonce.t*)

.rel.fini
 *(.rel.fini)

.rela.fini
 *(.rela.fini)

.rel.rodata
 *(.rel.rodata)
 *(.rel.rodata.*)
 *(.rel.gnu.linkonce.r*)

.rela.rodata
 *(.rela.rodata)
 *(.rela.rodata.*)
 *(.rela.gnu.linkonce.r*)

.rel.data
 *(.rel.data)
 *(.rel.data.*)
 *(.rel.gnu.linkonce.d*)

.rela.data
 *(.rela.data)
 *(.rela.data.*)
 *(.rela.gnu.linkonce.d*)

.rel.ctors
 *(.rel.ctors)

.rela.ctors
 *(.rela.ctors)

.rel.dtors
 *(.rel.dtors)

.rela.dtors
 *(.rela.dtors)

.rel.got
 *(.rel.got)

.rela.got
 *(.rela.got)

.rel.bss
 *(.rel.bss)

.rela.bss
 *(.rela.bss)

.rel.plt
 *(.rel.plt)

.rela.plt
 *(.rela.plt)

.text           0x0000000000000000     0x6572
 *(.vectors)
 .vectors       0x0000000000000000       0x7c /usr/lib/gcc/avr/4.3.5/../../../avr/lib/avr5/crtm644p.o
                0x0000000000000000                __vectors
                0x0000000000000000                __vector_default
 *(.vectors)
 *(.progmem.gcc*)
 *(.progmem*)
 .progmem.data  0x000000000000007c      0x218 obj/main.o
 .progmem.data  0x0000000000000294       0x33 obj/CP2200.o
 .progmem.data  0x00000000000002c7       0x34 obj/httpd.o
 .progmem.data  0x00000000000002fb      0x24a obj/http-strings.o
                0x00000000000002fb                http_http
                0x0000000000000303                http_200
                0x0000000000000308                http_301
                0x000000000000030d                http_302
                0x0000000000000312                http_get
                0x0000000000000317                http_10
                0x0000000000000320                http_11
                0x0000000000000329                http_content_type
                0x0000000000000338                http_texthtml
                0x0000000000000342                http_location
                0x000000000000034d                http_host
                0x0000000000000354                http_crnl
                0x0000000000000357                http_index_html
                0x0000000000000363                http_404_html
                0x000000000000036d                http_referer
                0x0000000000000376                http_header_200
                0x00000000000003ca                http_header_404
                0x0000000000000425                http_content_type_plain
                0x0000000000000442                http_content_type_html
                0x000000000000045e                http_content_type_css
                0x0000000000000479                http_content_type_text
                0x0000000000000495                http_content_type_png
                0x00000000000004b1                http_content_type_gif
                0x00000000000004cd                http_content_type_jpg
                0x00000000000004ea                http_content_type_binary
                0x0000000000000515                http_html
                0x000000000000051b                http_shtml
                0x0000000000000522                http_htm
                0x0000000000000527                http_css
                0x000000000000052c                http_png
                0x0000000000000531                http_gif
                0x0000000000000536                http_jpg
                0x000000000000053b                http_text
                0x0000000000000540                http_txt
 .progmem.data  0x0000000000000545     0x1a67 obj/httpd-fs.o
                0x0000000000000545                data_processes_shtml
                0x0000000000000627                data_404_html
                0x00000000000006d2                data_files_shtml
                0x0000000000000bc5                data_footer_html
                0x0000000000000be4                data_header_html
                0x0000000000000e66                data_index_html
                0x00000000000012d9                data_style_css
                0x00000000000016df                data_tcp_shtml
                0x00000000000017bf                data_fade_png
                0x000000000000188e                data_stats_shtml
                0x0000000000001bd1                data_io_shtml
                0x0000000000001fac                . = ALIGN (0x2)
                0x0000000000001fac                __trampolines_start = .
 *(.trampolines)
 .trampolines   0x0000000000001fac        0x0 linker stubs
 *(.trampolines*)
                0x0000000000001fac                __trampolines_end = .
 *(.jumptables)
 *(.jumptables*)
 *(.lowtext)
 *(.lowtext*)
                0x0000000000001fac                __ctors_start = .
 *(.ctors)
                0x0000000000001fac                __ctors_end = .
                0x0000000000001fac                __dtors_start = .
 *(.dtors)
                0x0000000000001fac                __dtors_end = .
 SORT(*)(.ctors)
 SORT(*)(.dtors)
 *(.init0)
 .init0         0x0000000000001fac        0x0 /usr/lib/gcc/avr/4.3.5/../../../avr/lib/avr5/crtm644p.o
                0x0000000000001fac                __init
 *(.init0)
 *(.init1)
 *(.init1)
 *(.init2)
 .init2         0x0000000000001fac        0xc /usr/lib/gcc/avr/4.3.5/../../../avr/lib/avr5/crtm644p.o
 *(.init2)
 *(.init3)
 *(.init3)
 *(.init4)
 .init4         0x0000000000001fb8       0x16 /usr/lib/gcc/avr/4.3.5/avr5/libgcc.a(_copy_data.o)
                0x0000000000001fb8                __do_copy_data
 .init4         0x0000000000001fce       0x10 /usr/lib/gcc/avr/4.3.5/avr5/libgcc.a(_clear_bss.o)
                0x0000000000001fce                __do_clear_bss
 *(.init4)
 *(.init5)
 *(.init5)
 *(.init6)
 *(.init6)
 *(.init7)
 *(.init7)
 *(.init8)
 *(.init8)
 *(.init9)
 .init9         0x0000000000001fde        0x8 /usr/lib/gcc/avr/4.3.5/../../../avr/lib/avr5/crtm644p.o
 *(.init9)
 *(.text)
 .text          0x0000000000001fe6        0x4 /usr/lib/gcc/avr/4.3.5/../../../avr/lib/avr5/crtm644p.o
                0x0000000000001fe6                __vector_22
                0x0000000000001fe6                __vector_28
                0x0000000000001fe6                __vector_1
                0x0000000000001fe6                __vector_24
                0x0000000000001fe6                __vector_12
                0x0000000000001fe6                __bad_interrupt
                0x0000000000001fe6                __vector_6
                0x0000000000001fe6                __vector_3
                0x0000000000001fe6                __vector_23
                0x0000000000001fe6                __vector_30
                0x0000000000001fe6                __vector_25
                0x0000000000001fe6                __vector_11
                0x0000000000001fe6                __vector_13
                0x0000000000001fe6                __vector_17
                0x0000000000001fe6                __vector_19
                0x0000000000001fe6                __vector_7
                0x0000000000001fe6                __vector_27
                0x0000000000001fe6                __vector_5
                0x0000000000001fe6                __vector_4
                0x0000000000001fe6                __vector_9
                0x0000000000001fe6                __vector_21
                0x0000000000001fe6                __vector_15
                0x0000000000001fe6                __vector_29
                0x0000000000001fe6                __vector_8
                0x0000000000001fe6                __vector_26
                0x0000000000001fe6                __vector_14
                0x0000000000001fe6                __vector_10
                0x0000000000001fe6                __vector_18
                0x0000000000001fe6                __vector_20
 .text          0x0000000000001fea      0x8fe obj/main.o
                0x0000000000001fea                __vector_16
                0x0000000000002044                __vector_2
                0x000000000000205a                InitUART
                0x0000000000002076                uart_putc_P
                0x000000000000208c                uart_putc
                0x00000000000020a0                uart_puts
                0x00000000000020ba                uart_puts_P
                0x00000000000020d6                uart_getc
                0x00000000000020e4                itohex
                0x000000000000217a                clock_init
                0x0000000000002190                clock_time
                0x000000000000219a                uip_log
                0x00000000000021a0                cmd_help
                0x0000000000002204                cmd_netmask
                0x000000000000232c                cmd_ip
                0x0000000000002454                parse
                0x00000000000025d4                AvailRAM
                0x000000000000265a                main
 .text          0x00000000000028e8      0x5a0 obj/CP2200.o
                0x00000000000028e8                write_CP2200
                0x00000000000028fe                CP2200_WriteRXBuffer
                0x000000000000292c                CP2200_WriteTXBuffer
                0x000000000000295a                read_CP2200
                0x0000000000002976                CP2200_WritePacket
                0x0000000000002a74                network_device_send
                0x0000000000002a7a                CP2200_ReadPacket
                0x0000000000002ad0                CP2200_ReadRXBuffer
                0x0000000000002af4                CP2200_ReadTXBuffer
                0x0000000000002b54                Init_CP2000
                0x0000000000002d10                network_device_read
                0x0000000000002d8c                network_device_init
 .text          0x0000000000002e88     0x11f0 obj/uip.o
                0x0000000000002e88                uip_setipid
                0x0000000000002e92                uip_add32
                0x0000000000002f4e                uip_chksum
                0x0000000000002f64                uip_ipchksum
                0x0000000000002fd2                uip_tcpchksum
                0x0000000000002fda                uip_udpchksum
                0x0000000000002fe2                uip_init
                0x0000000000003034                uip_connect
                0x0000000000003132                uip_unlisten
                0x000000000000316c                uip_listen
                0x00000000000031d6                htons
                0x00000000000031de                uip_send
                0x000000000000320a                uip_send_P
                0x000000000000322e                uip_process
 .text          0x0000000000004078      0x5ba obj/uip_arp.o
                0x00000000000041d2                uip_arp_ipin
                0x000000000000423a                uip_arp_arpin
                0x00000000000043a6                uip_arp_out
                0x00000000000045ae                uip_arp_timer
                0x0000000000004608                uip_arp_init
 .text          0x0000000000004632       0x4a obj/uiplib.o
                0x0000000000004632                uiplib_ipaddrconv
 .text          0x000000000000467c      0x4e0 obj/psock.o
                0x00000000000046da                psock_datalen
                0x00000000000046ec                psock_newdata
                0x0000000000004716                psock_readto
                0x0000000000004824                psock_init
                0x0000000000004846                psock_readbuf
                0x00000000000049c8                psock_generator_send
                0x0000000000004a5e                psock_send
                0x0000000000004ac6                psock_send_P
 .text          0x0000000000004b5c       0x74 obj/timer.o
                0x0000000000004b5c                timer_reset
                0x0000000000004b70                timer_expired
                0x0000000000004b9e                timer_restart
                0x0000000000004bb4                timer_set
 .text          0x0000000000004bd0      0x1a4 obj/uip-neighbor.o
                0x0000000000004bd0                uip_neighbor_init
                0x0000000000004be4                uip_neighbor_periodic
                0x0000000000004bfe                uip_neighbor_update
                0x0000000000004c56                uip_neighbor_lookup
                0x0000000000004cb8                uip_neighbor_add
 .text          0x0000000000004d74      0x864 obj/httpd.o
                0x0000000000004d74                httpd_init
                0x00000000000054d2                httpd_appcall
 .text          0x00000000000055d8        0x0 obj/http-strings.o
 .text          0x00000000000055d8      0x1bc obj/httpd-fs.o
                0x0000000000005608                httpd_fs_open
                0x0000000000005688                httpd_fs_open_P
                0x0000000000005726                httpd_fs_init
                0x0000000000005738                httpd_fs_count
 .text          0x0000000000005794      0x402 obj/httpd-cgi.o
                0x000000000000579e                httpd_cgi
 .text          0x0000000000005b96        0x0 /usr/lib/gcc/avr/4.3.5/avr5/libgcc.a(_exit.o)
 .text          0x0000000000005b96        0x0 /usr/lib/gcc/avr/4.3.5/avr5/libgcc.a(_copy_data.o)
 .text          0x0000000000005b96        0x0 /usr/lib/gcc/avr/4.3.5/avr5/libgcc.a(_clear_bss.o)
 .text          0x0000000000005b96        0x0 /usr/lib/gcc/avr/4.3.5/../../../avr/lib/avr5/libc.a(malloc.o)
 .text          0x0000000000005b96        0x0 /usr/lib/gcc/avr/4.3.5/../../../avr/lib/avr5/libc.a(atoi.o)
 .text          0x0000000000005b96        0x0 /usr/lib/gcc/avr/4.3.5/../../../avr/lib/avr5/libc.a(memcpy_P.o)
 .text          0x0000000000005b96        0x0 /usr/lib/gcc/avr/4.3.5/../../../avr/lib/avr5/libc.a(strchr_P.o)
 .text          0x0000000000005b96        0x0 /usr/lib/gcc/avr/4.3.5/../../../avr/lib/avr5/libc.a(strcmp_P.o)
 .text          0x0000000000005b96        0x0 /usr/lib/gcc/avr/4.3.5/../../../avr/lib/avr5/libc.a(strcpy_P.o)
 .text          0x0000000000005b96        0x0 /usr/lib/gcc/avr/4.3.5/../../../avr/lib/avr5/libc.a(strlen_P.o)
 .text          0x0000000000005b96        0x0 /usr/lib/gcc/avr/4.3.5/../../../avr/lib/avr5/libc.a(strncmp_P.o)
 .text          0x0000000000005b96        0x0 /usr/lib/gcc/avr/4.3.5/../../../avr/lib/avr5/libc.a(strncpy_P.o)
 .text          0x0000000000005b96        0x0 /usr/lib/gcc/avr/4.3.5/../../../avr/lib/avr5/libc.a(memcpy.o)
 .text          0x0000000000005b96        0x0 /usr/lib/gcc/avr/4.3.5/../../../avr/lib/avr5/libc.a(memset.o)
 .text          0x0000000000005b96        0x0 /usr/lib/gcc/avr/4.3.5/../../../avr/lib/avr5/libc.a(strchr.o)
 .text          0x0000000000005b96        0x0 /usr/lib/gcc/avr/4.3.5/../../../avr/lib/avr5/libc.a(strncmp.o)
 .text          0x0000000000005b96        0x0 /usr/lib/gcc/avr/4.3.5/../../../avr/lib/avr5/libc.a(strncpy.o)
 .text          0x0000000000005b96        0x0 /usr/lib/gcc/avr/4.3.5/../../../avr/lib/avr5/libc.a(strrchr.o)
 .text          0x0000000000005b96        0x0 /usr/lib/gcc/avr/4.3.5/../../../avr/lib/avr5/libc.a(strupr.o)
 .text          0x0000000000005b96        0x0 /usr/lib/gcc/avr/4.3.5/../../../avr/lib/avr5/libc.a(itoa.o)
 .text          0x0000000000005b96        0x0 /usr/lib/gcc/avr/4.3.5/../../../avr/lib/avr5/libc.a(mul10.o)
 .text          0x0000000000005b96        0x0 /usr/lib/gcc/avr/4.3.5/../../../avr/lib/avr5/libc.a(snprintf.o)
 .text          0x0000000000005b96        0x0 /usr/lib/gcc/avr/4.3.5/../../../avr/lib/avr5/libc.a(vfprintf_std.o)
 .text          0x0000000000005b96        0x0 /usr/lib/gcc/avr/4.3.5/../../../avr/lib/avr5/libc.a(strnlen_P.o)
 .text          0x0000000000005b96        0x0 /usr/lib/gcc/avr/4.3.5/../../../avr/lib/avr5/libc.a(strnlen.o)
 .text          0x0000000000005b96        0x0 /usr/lib/gcc/avr/4.3.5/../../../avr/lib/avr5/libc.a(strrev.o)
 .text          0x0000000000005b96        0x0 /usr/lib/gcc/avr/4.3.5/../../../avr/lib/avr5/libc.a(fputc.o)
 .text          0x0000000000005b96        0x0 /usr/lib/gcc/avr/4.3.5/../../../avr/lib/avr5/libc.a(ultoa_invert.o)
 .text          0x0000000000005b96        0x0 /usr/lib/gcc/avr/4.3.5/avr5/libgcc.a(_udivmodhi4.o)
 .text          0x0000000000005b96        0x0 /usr/lib/gcc/avr/4.3.5/avr5/libgcc.a(_prologue.o)
 .text          0x0000000000005b96        0x0 /usr/lib/gcc/avr/4.3.5/avr5/libgcc.a(_epilogue.o)
                0x0000000000005b96                . = ALIGN (0x2)
 *(.text.*)
 .text.libgcc   0x0000000000005b96        0x0 /usr/lib/gcc/avr/4.3.5/avr5/libgcc.a(_exit.o)
 .text.libgcc   0x0000000000005b96        0x0 /usr/lib/gcc/avr/4.3.5/avr5/libgcc.a(_copy_data.o)
 .text.libgcc   0x0000000000005b96        0x0 /usr/lib/gcc/avr/4.3.5/avr5/libgcc.a(_clear_bss.o)
 .text.avr-libc
                0x0000000000005b96      0x20a /usr/lib/gcc/avr/4.3.5/../../../avr/lib/avr5/libc.a(malloc.o)
                0x0000000000005b96                malloc
                0x0000000000005cf0                free
 .text.avr-libc
                0x0000000000005da0       0x3c /usr/lib/gcc/avr/4.3.5/../../../avr/lib/avr5/libc.a(atoi.o)
                0x0000000000005da0                atoi
 .text.avr-libc
                0x0000000000005ddc       0x12 /usr/lib/gcc/avr/4.3.5/../../../avr/lib/avr5/libc.a(memcpy_P.o)
                0x0000000000005ddc                memcpy_P
 .text.avr-libc
                0x0000000000005dee       0x16 /usr/lib/gcc/avr/4.3.5/../../../avr/lib/avr5/libc.a(strchr_P.o)
                0x0000000000005dee                strchr_P
 .text.avr-libc
                0x0000000000005e04       0x12 /usr/lib/gcc/avr/4.3.5/../../../avr/lib/avr5/libc.a(strcmp_P.o)
                0x0000000000005e04                strcmp_P
 .text.avr-libc
                0x0000000000005e16        0xe /usr/lib/gcc/avr/4.3.5/../../../avr/lib/avr5/libc.a(strcpy_P.o)
                0x0000000000005e16                strcpy_P
 .text.avr-libc
                0x0000000000005e24       0x12 /usr/lib/gcc/avr/4.3.5/../../../avr/lib/avr5/libc.a(strlen_P.o)
                0x0000000000005e24                strlen_P
 .text.avr-libc
                0x0000000000005e36       0x1c /usr/lib/gcc/avr/4.3.5/../../../avr/lib/avr5/libc.a(strncmp_P.o)
                0x0000000000005e36                strncmp_P
 .text.avr-libc
                0x0000000000005e52       0x1e /usr/lib/gcc/avr/4.3.5/../../../avr/lib/avr5/libc.a(strncpy_P.o)
                0x0000000000005e52                strncpy_P
 .text.avr-libc
                0x0000000000005e70       0x12 /usr/lib/gcc/avr/4.3.5/../../../avr/lib/avr5/libc.a(memcpy.o)
                0x0000000000005e70                memcpy
 .text.avr-libc
                0x0000000000005e82        0xe /usr/lib/gcc/avr/4.3.5/../../../avr/lib/avr5/libc.a(memset.o)
                0x0000000000005e82                memset
 .text.avr-libc
                0x0000000000005e90       0x16 /usr/lib/gcc/avr/4.3.5/../../../avr/lib/avr5/libc.a(strchr.o)
                0x0000000000005e90                strchr
 .text.avr-libc
                0x0000000000005ea6       0x1c /usr/lib/gcc/avr/4.3.5/../../../avr/lib/avr5/libc.a(strncmp.o)
                0x0000000000005ea6                strncmp
 .text.avr-libc
                0x0000000000005ec2       0x1e /usr/lib/gcc/avr/4.3.5/../../../avr/lib/avr5/libc.a(strncpy.o)
                0x0000000000005ec2                strncpy
 .text.avr-libc
                0x0000000000005ee0       0x16 /usr/lib/gcc/avr/4.3.5/../../../avr/lib/avr5/libc.a(strrchr.o)
                0x0000000000005ee0                strrchr
 .text.avr-libc
                0x0000000000005ef6       0x14 /usr/lib/gcc/avr/4.3.5/../../../avr/lib/avr5/libc.a(strupr.o)
                0x0000000000005ef6                strupr
 .text.avr-libc
                0x0000000000005f0a       0x42 /usr/lib/gcc/avr/4.3.5/../../../avr/lib/avr5/libc.a(itoa.o)
                0x0000000000005f0a                itoa
 .text.avr-libc
                0x0000000000005f4c       0x10 /usr/lib/gcc/avr/4.3.5/../../../avr/lib/avr5/libc.a(mul10.o)
                0x0000000000005f4c                __mulhi_const_10
 .text.avr-libc
                0x0000000000005f5c       0x62 /usr/lib/gcc/avr/4.3.5/../../../avr/lib/avr5/libc.a(snprintf.o)
                0x0000000000005f5c                snprintf
 .text.avr-libc
                0x0000000000005fbe      0x3ba /usr/lib/gcc/avr/4.3.5/../../../avr/lib/avr5/libc.a(vfprintf_std.o)
                0x0000000000005fbe                vfprintf
 .text.avr-libc
                0x0000000000006378       0x16 /usr/lib/gcc/avr/4.3.5/../../../avr/lib/avr5/libc.a(strnlen_P.o)
                0x0000000000006378                strnlen_P
 .text.avr-libc
                0x000000000000638e       0x16 /usr/lib/gcc/avr/4.3.5/../../../avr/lib/avr5/libc.a(strnlen.o)
                0x000000000000638e                strnlen
 .text.avr-libc
                0x00000000000063a4       0x20 /usr/lib/gcc/avr/4.3.5/../../../avr/lib/avr5/libc.a(strrev.o)
                0x00000000000063a4                strrev
 .text.avr-libc
                0x00000000000063c4       0x58 /usr/lib/gcc/avr/4.3.5/../../../avr/lib/avr5/libc.a(fputc.o)
                0x00000000000063c4                fputc
 .text.avr-libc
                0x000000000000641c       0xbc /usr/lib/gcc/avr/4.3.5/../../../avr/lib/avr5/libc.a(ultoa_invert.o)
                0x000000000000641c                __ultoa_invert
 .text.libgcc   0x00000000000064d8       0x28 /usr/lib/gcc/avr/4.3.5/avr5/libgcc.a(_udivmodhi4.o)
                0x00000000000064d8                __udivmodhi4
 .text.libgcc   0x0000000000006500       0x38 /usr/lib/gcc/avr/4.3.5/avr5/libgcc.a(_prologue.o)
                0x0000000000006500                __prologue_saves__
 .text.libgcc   0x0000000000006538       0x36 /usr/lib/gcc/avr/4.3.5/avr5/libgcc.a(_epilogue.o)
                0x0000000000006538                __epilogue_restores__
                0x000000000000656e                . = ALIGN (0x2)
 *(.fini9)
 .fini9         0x000000000000656e        0x0 /usr/lib/gcc/avr/4.3.5/avr5/libgcc.a(_exit.o)
                0x000000000000656e                exit
                0x000000000000656e                _exit
 *(.fini9)
 *(.fini8)
 *(.fini8)
 *(.fini7)
 *(.fini7)
 *(.fini6)
 *(.fini6)
 *(.fini5)
 *(.fini5)
 *(.fini4)
 *(.fini4)
 *(.fini3)
 *(.fini3)
 *(.fini2)
 *(.fini2)
 *(.fini1)
 *(.fini1)
 *(.fini0)
 .fini0         0x000000000000656e        0x4 /usr/lib/gcc/avr/4.3.5/avr5/libgcc.a(_exit.o)
 *(.fini0)
                0x0000000000006572                _etext = .

.data           0x0000000000800100      0x2aa load address 0x0000000000006572
                0x0000000000800100                PROVIDE (__data_start, .)
 *(.data)
 .data          0x0000000000800100        0x0 /usr/lib/gcc/avr/4.3.5/../../../avr/lib/avr5/crtm644p.o
 .data          0x0000000000800100        0x1 obj/main.o
 .data          0x0000000000800101        0x0 obj/CP2200.o
 .data          0x0000000000800101      0x10a obj/uip.o
 .data          0x000000000080020b        0xa obj/uip_arp.o
 .data          0x0000000000800215        0x0 obj/uiplib.o
 .data          0x0000000000800215        0x0 obj/psock.o
 .data          0x0000000000800215        0x0 obj/timer.o
 .data          0x0000000000800215        0x0 obj/uip-neighbor.o
 .data          0x0000000000800215       0x1a obj/httpd.o
 .data          0x000000000080022f        0x0 obj/http-strings.o
 .data          0x000000000080022f       0x6e obj/httpd-fs.o
                0x000000000080022f                file_processes_shtml
                0x0000000000800239                file_404_html
                0x0000000000800243                file_files_shtml
                0x000000000080024d                file_footer_html
                0x0000000000800257                file_header_html
                0x0000000000800261                file_index_html
                0x000000000080026b                file_style_css
                0x0000000000800275                file_tcp_shtml
                0x000000000080027f                file_fade_png
                0x0000000000800289                file_io_shtml
                0x0000000000800293                file_stats_shtml
 .data          0x000000000080029d      0x107 obj/httpd-cgi.o
 .data          0x00000000008003a4        0x0 /usr/lib/gcc/avr/4.3.5/avr5/libgcc.a(_exit.o)
 .data          0x00000000008003a4        0x0 /usr/lib/gcc/avr/4.3.5/avr5/libgcc.a(_copy_data.o)
 .data          0x00000000008003a4        0x0 /usr/lib/gcc/avr/4.3.5/avr5/libgcc.a(_clear_bss.o)
 .data          0x00000000008003a4        0x6 /usr/lib/gcc/avr/4.3.5/../../../avr/lib/avr5/libc.a(malloc.o)
                0x00000000008003a4                __malloc_margin
                0x00000000008003a6                __malloc_heap_start
                0x00000000008003a8                __malloc_heap_end
 .data          0x00000000008003aa        0x0 /usr/lib/gcc/avr/4.3.5/../../../avr/lib/avr5/libc.a(atoi.o)
 .data          0x00000000008003aa        0x0 /usr/lib/gcc/avr/4.3.5/../../../avr/lib/avr5/libc.a(memcpy_P.o)
 .data          0x00000000008003aa        0x0 /usr/lib/gcc/avr/4.3.5/../../../avr/lib/avr5/libc.a(strchr_P.o)
 .data          0x00000000008003aa        0x0 /usr/lib/gcc/avr/4.3.5/../../../avr/lib/avr5/libc.a(strcmp_P.o)
 .data          0x00000000008003aa        0x0 /usr/lib/gcc/avr/4.3.5/../../../avr/lib/avr5/libc.a(strcpy_P.o)
 .data          0x00000000008003aa        0x0 /usr/lib/gcc/avr/4.3.5/../../../avr/lib/avr5/libc.a(strlen_P.o)
 .data          0x00000000008003aa        0x0 /usr/lib/gcc/avr/4.3.5/../../../avr/lib/avr5/libc.a(strncmp_P.o)
 .data          0x00000000008003aa        0x0 /usr/lib/gcc/avr/4.3.5/../../../avr/lib/avr5/libc.a(strncpy_P.o)
 .data          0x00000000008003aa        0x0 /usr/lib/gcc/avr/4.3.5/../../../avr/lib/avr5/libc.a(memcpy.o)
 .data          0x00000000008003aa        0x0 /usr/lib/gcc/avr/4.3.5/../../../avr/lib/avr5/libc.a(memset.o)
 .data          0x00000000008003aa        0x0 /usr/lib/gcc/avr/4.3.5/../../../avr/lib/avr5/libc.a(strchr.o)
 .data          0x00000000008003aa        0x0 /usr/lib/gcc/avr/4.3.5/../../../avr/lib/avr5/libc.a(strncmp.o)
 .data          0x00000000008003aa        0x0 /usr/lib/gcc/avr/4.3.5/../../../avr/lib/avr5/libc.a(strncpy.o)
 .data          0x00000000008003aa        0x0 /usr/lib/gcc/avr/4.3.5/../../../avr/lib/avr5/libc.a(strrchr.o)
 .data          0x00000000008003aa        0x0 /usr/lib/gcc/avr/4.3.5/../../../avr/lib/avr5/libc.a(strupr.o)
 .data          0x00000000008003aa        0x0 /usr/lib/gcc/avr/4.3.5/../../../avr/lib/avr5/libc.a(itoa.o)
 .data          0x00000000008003aa        0x0 /usr/lib/gcc/avr/4.3.5/../../../avr/lib/avr5/libc.a(mul10.o)
 .data          0x00000000008003aa        0x0 /usr/lib/gcc/avr/4.3.5/../../../avr/lib/avr5/libc.a(snprintf.o)
 .data          0x00000000008003aa        0x0 /usr/lib/gcc/avr/4.3.5/../../../avr/lib/avr5/libc.a(vfprintf_std.o)
 .data          0x00000000008003aa        0x0 /usr/lib/gcc/avr/4.3.5/../../../avr/lib/avr5/libc.a(strnlen_P.o)
 .data          0x00000000008003aa        0x0 /usr/lib/gcc/avr/4.3.5/../../../avr/lib/avr5/libc.a(strnlen.o)
 .data          0x00000000008003aa        0x0 /usr/lib/gcc/avr/4.3.5/../../../avr/lib/avr5/libc.a(strrev.o)
 .data          0x00000000008003aa        0x0 /usr/lib/gcc/avr/4.3.5/../../../avr/lib/avr5/libc.a(fputc.o)
 .data          0x00000000008003aa        0x0 /usr/lib/gcc/avr/4.3.5/../../../avr/lib/avr5/libc.a(ultoa_invert.o)
 .data          0x00000000008003aa        0x0 /usr/lib/gcc/avr/4.3.5/avr5/libgcc.a(_udivmodhi4.o)
 .data          0x00000000008003aa        0x0 /usr/lib/gcc/avr/4.3.5/avr5/libgcc.a(_prologue.o)
 .data          0x00000000008003aa        0x0 /usr/lib/gcc/avr/4.3.5/avr5/libgcc.a(_epilogue.o)
 *(.data*)
 *(.rodata)
 *(.rodata*)
 *(.gnu.linkonce.d*)
                0x00000000008003aa                . = ALIGN (0x2)
                0x00000000008003aa                _edata = .
                0x00000000008003aa                PROVIDE (__data_end, .)

.bss            0x00000000008003aa      0x842
                0x00000000008003aa                PROVIDE (__bss_start, .)
 *(.bss)
 .bss           0x00000000008003aa        0x0 /usr/lib/gcc/avr/4.3.5/../../../avr/lib/avr5/crtm644p.o
 .bss           0x00000000008003aa        0x2 obj/main.o
 .bss           0x00000000008003ac        0x1 obj/CP2200.o
 .bss           0x00000000008003ad       0x12 obj/uip.o
                0x00000000008003ad                uip_ethaddr
 .bss           0x00000000008003bf       0x34 obj/uip_arp.o
 .bss           0x00000000008003f3        0x0 obj/uiplib.o
 .bss           0x00000000008003f3        0x0 obj/psock.o
 .bss           0x00000000008003f3        0x0 obj/timer.o
 .bss           0x00000000008003f3       0x58 obj/uip-neighbor.o
 .bss           0x000000000080044b        0x2 obj/httpd.o
                0x000000000080044b                t
 .bss           0x000000000080044d        0x0 obj/http-strings.o
 .bss           0x000000000080044d       0x16 obj/httpd-fs.o
 .bss           0x0000000000800463        0x0 obj/httpd-cgi.o
 .bss           0x0000000000800463        0x0 /usr/lib/gcc/avr/4.3.5/avr5/libgcc.a(_exit.o)
 .bss           0x0000000000800463        0x0 /usr/lib/gcc/avr/4.3.5/avr5/libgcc.a(_copy_data.o)
 .bss           0x0000000000800463        0x0 /usr/lib/gcc/avr/4.3.5/avr5/libgcc.a(_clear_bss.o)
 .bss           0x0000000000800463        0x0 /usr/lib/gcc/avr/4.3.5/../../../avr/lib/avr5/libc.a(malloc.o)
 .bss           0x0000000000800463        0x0 /usr/lib/gcc/avr/4.3.5/../../../avr/lib/avr5/libc.a(atoi.o)
 .bss           0x0000000000800463        0x0 /usr/lib/gcc/avr/4.3.5/../../../avr/lib/avr5/libc.a(memcpy_P.o)
 .bss           0x0000000000800463        0x0 /usr/lib/gcc/avr/4.3.5/../../../avr/lib/avr5/libc.a(strchr_P.o)
 .bss           0x0000000000800463        0x0 /usr/lib/gcc/avr/4.3.5/../../../avr/lib/avr5/libc.a(strcmp_P.o)
 .bss           0x0000000000800463        0x0 /usr/lib/gcc/avr/4.3.5/../../../avr/lib/avr5/libc.a(strcpy_P.o)
 .bss           0x0000000000800463        0x0 /usr/lib/gcc/avr/4.3.5/../../../avr/lib/avr5/libc.a(strlen_P.o)
 .bss           0x0000000000800463        0x0 /usr/lib/gcc/avr/4.3.5/../../../avr/lib/avr5/libc.a(strncmp_P.o)
 .bss           0x0000000000800463        0x0 /usr/lib/gcc/avr/4.3.5/../../../avr/lib/avr5/libc.a(strncpy_P.o)
 .bss           0x0000000000800463        0x0 /usr/lib/gcc/avr/4.3.5/../../../avr/lib/avr5/libc.a(memcpy.o)
 .bss           0x0000000000800463        0x0 /usr/lib/gcc/avr/4.3.5/../../../avr/lib/avr5/libc.a(memset.o)
 .bss           0x0000000000800463        0x0 /usr/lib/gcc/avr/4.3.5/../../../avr/lib/avr5/libc.a(strchr.o)
 .bss           0x0000000000800463        0x0 /usr/lib/gcc/avr/4.3.5/../../../avr/lib/avr5/libc.a(strncmp.o)
 .bss           0x0000000000800463        0x0 /usr/lib/gcc/avr/4.3.5/../../../avr/lib/avr5/libc.a(strncpy.o)
 .bss           0x0000000000800463        0x0 /usr/lib/gcc/avr/4.3.5/../../../avr/lib/avr5/libc.a(strrchr.o)
 .bss           0x0000000000800463        0x0 /usr/lib/gcc/avr/4.3.5/../../../avr/lib/avr5/libc.a(strupr.o)
 .bss           0x0000000000800463        0x0 /usr/lib/gcc/avr/4.3.5/../../../avr/lib/avr5/libc.a(itoa.o)
 .bss           0x0000000000800463        0x0 /usr/lib/gcc/avr/4.3.5/../../../avr/lib/avr5/libc.a(mul10.o)
 .bss           0x0000000000800463        0x0 /usr/lib/gcc/avr/4.3.5/../../../avr/lib/avr5/libc.a(snprintf.o)
 .bss           0x0000000000800463        0x0 /usr/lib/gcc/avr/4.3.5/../../../avr/lib/avr5/libc.a(vfprintf_std.o)
 .bss           0x0000000000800463        0x0 /usr/lib/gcc/avr/4.3.5/../../../avr/lib/avr5/libc.a(strnlen_P.o)
 .bss           0x0000000000800463        0x0 /usr/lib/gcc/avr/4.3.5/../../../avr/lib/avr5/libc.a(strnlen.o)
 .bss           0x0000000000800463        0x0 /usr/lib/gcc/avr/4.3.5/../../../avr/lib/avr5/libc.a(strrev.o)
 .bss           0x0000000000800463        0x0 /usr/lib/gcc/avr/4.3.5/../../../avr/lib/avr5/libc.a(fputc.o)
 .bss           0x0000000000800463        0x0 /usr/lib/gcc/avr/4.3.5/../../../avr/lib/avr5/libc.a(ultoa_invert.o)
 .bss           0x0000000000800463        0x0 /usr/lib/gcc/avr/4.3.5/avr5/libgcc.a(_udivmodhi4.o)
 .bss           0x0000000000800463        0x0 /usr/lib/gcc/avr/4.3.5/avr5/libgcc.a(_prologue.o)
 .bss           0x0000000000800463        0x0 /usr/lib/gcc/avr/4.3.5/avr5/libgcc.a(_epilogue.o)
 *(.bss*)
 *(COMMON)
 COMMON         0x0000000000800463        0x2 obj/main.o
                0x0000000000800463                sec_counter
 COMMON         0x0000000000800465      0x783 obj/uip.o
                0x0000000000800465                uip_len
                0x0000000000800467                uip_sappdata
                0x0000000000800469                uip_acc32
                0x000000000080046d                uip_flags
                0x000000000080046e                uip_appdata
                0x0000000000800470                uip_conn
                0x0000000000800472                uip_conns
                0x00000000008005cc                uip_listenports
                0x00000000008005d0                uip_draddr
                0x00000000008005d4                uip_stat
                0x0000000000800600                uip_netmask
                0x0000000000800604                uip_hostaddr
                0x0000000000800608                uip_buf
                0x0000000000800be6                uip_slen
 COMMON         0x0000000000800be8        0x4 /usr/lib/gcc/avr/4.3.5/../../../avr/lib/avr5/libc.a(malloc.o)
                0x0000000000800be8                __brkval
                0x0000000000800bea                __flp
                0x0000000000800bec                PROVIDE (__bss_end, .)
                0x0000000000006572                __data_load_start = LOADADDR (.data)
                0x000000000000681c                __data_load_end = (__data_load_start + SIZEOF (.data))

.noinit         0x0000000000800bec        0x0
                0x0000000000800bec                PROVIDE (__noinit_start, .)
 *(.noinit*)
                0x0000000000800bec                PROVIDE (__noinit_end, .)
                0x0000000000800bec                _end = .
                0x0000000000800bec                PROVIDE (__heap_start, .)

.eeprom         0x0000000000810000        0x0
 *(.eeprom*)
                0x0000000000810000                __eeprom_end = .

.fuse
 *(.fuse)
 *(.lfuse)
 *(.hfuse)
 *(.efuse)

.lock
 *(.lock*)

.signature
 *(.signature*)

.stab           0x0000000000000000     0x2dcc
 *(.stab)
 .stab          0x0000000000000000      0x6b4 /usr/lib/gcc/avr/4.3.5/../../../avr/lib/avr5/crtm644p.o
 .stab          0x00000000000006b4      0x6f0 /usr/lib/gcc/avr/4.3.5/../../../avr/lib/avr5/libc.a(malloc.o)
                                        0x6fc (size before relaxing)
 .stab          0x0000000000000da4      0x174 /usr/lib/gcc/avr/4.3.5/../../../avr/lib/avr5/libc.a(atoi.o)
                                        0x180 (size before relaxing)
 .stab          0x0000000000000f18       0x84 /usr/lib/gcc/avr/4.3.5/../../../avr/lib/avr5/libc.a(memcpy_P.o)
                                         0x90 (size before relaxing)
 .stab          0x0000000000000f9c       0x9c /usr/lib/gcc/avr/4.3.5/../../../avr/lib/avr5/libc.a(strchr_P.o)
                                         0xa8 (size before relaxing)
 .stab          0x0000000000001038       0x84 /usr/lib/gcc/avr/4.3.5/../../../avr/lib/avr5/libc.a(strcmp_P.o)
                                         0x90 (size before relaxing)
 .stab          0x00000000000010bc       0x6c /usr/lib/gcc/avr/4.3.5/../../../avr/lib/avr5/libc.a(strcpy_P.o)
                                         0x78 (size before relaxing)
 .stab          0x0000000000001128       0x84 /usr/lib/gcc/avr/4.3.5/../../../avr/lib/avr5/libc.a(strlen_P.o)
                                         0x90 (size before relaxing)
 .stab          0x00000000000011ac       0xc0 /usr/lib/gcc/avr/4.3.5/../../../avr/lib/avr5/libc.a(strncmp_P.o)
                                         0xcc (size before relaxing)
 .stab          0x000000000000126c       0xcc /usr/lib/gcc/avr/4.3.5/../../../avr/lib/avr5/libc.a(strncpy_P.o)
                                         0xd8 (size before relaxing)
 .stab          0x0000000000001338       0x84 /usr/lib/gcc/avr/4.3.5/../../../avr/lib/avr5/libc.a(memcpy.o)
                                         0x90 (size before relaxing)
 .stab          0x00000000000013bc       0x6c /usr/lib/gcc/avr/4.3.5/../../../avr/lib/avr5/libc.a(memset.o)
                                         0x78 (size before relaxing)
 .stab          0x0000000000001428       0x9c /usr/lib/gcc/avr/4.3.5/../../../avr/lib/avr5/libc.a(strchr.o)
                                         0xa8 (size before relaxing)
 .stab          0x00000000000014c4       0xc0 /usr/lib/gcc/avr/4.3.5/../../../avr/lib/avr5/libc.a(strncmp.o)
                                         0xcc (size before relaxing)
 .stab          0x0000000000001584       0xcc /usr/lib/gcc/avr/4.3.5/../../../avr/lib/avr5/libc.a(strncpy.o)
                                         0xd8 (size before relaxing)
 .stab          0x0000000000001650       0x9c /usr/lib/gcc/avr/4.3.5/../../../avr/lib/avr5/libc.a(strrchr.o)
                                         0xa8 (size before relaxing)
 .stab          0x00000000000016ec       0x90 /usr/lib/gcc/avr/4.3.5/../../../avr/lib/avr5/libc.a(strupr.o)
                                         0x9c (size before relaxing)
 .stab          0x000000000000177c      0x1b0 /usr/lib/gcc/avr/4.3.5/../../../avr/lib/avr5/libc.a(itoa.o)
                                        0x1bc (size before relaxing)
 .stab          0x000000000000192c       0x78 /usr/lib/gcc/avr/4.3.5/../../../avr/lib/avr5/libc.a(mul10.o)
                                         0x84 (size before relaxing)
 .stab          0x00000000000019a4      0x27c /usr/lib/gcc/avr/4.3.5/../../../avr/lib/avr5/libc.a(snprintf.o)
                                        0x408 (size before relaxing)
 .stab          0x0000000000001c20      0x948 /usr/lib/gcc/avr/4.3.5/../../../avr/lib/avr5/libc.a(vfprintf_std.o)
                                        0xb58 (size before relaxing)
 .stab          0x0000000000002568       0x9c /usr/lib/gcc/avr/4.3.5/../../../avr/lib/avr5/libc.a(strnlen_P.o)
                                         0xa8 (size before relaxing)
 .stab          0x0000000000002604       0x9c /usr/lib/gcc/avr/4.3.5/../../../avr/lib/avr5/libc.a(strnlen.o)
                                         0xa8 (size before relaxing)
 .stab          0x00000000000026a0       0xd8 /usr/lib/gcc/avr/4.3.5/../../../avr/lib/avr5/libc.a(strrev.o)
                                         0xe4 (size before relaxing)
 .stab          0x0000000000002778      0x1d4 /usr/lib/gcc/avr/4.3.5/../../../avr/lib/avr5/libc.a(fputc.o)
                                        0x3b4 (size before relaxing)
 .stab          0x000000000000294c      0x480 /usr/lib/gcc/avr/4.3.5/../../../avr/lib/avr5/libc.a(ultoa_invert.o)
                                        0x48c (size before relaxing)

.stabstr        0x0000000000000000     0x1191
 *(.stabstr)
 .stabstr       0x0000000000000000     0x1191 /usr/lib/gcc/avr/4.3.5/../../../avr/lib/avr5/crtm644p.o

.stab.excl
 *(.stab.excl)

.stab.exclstr
 *(.stab.exclstr)

.stab.index
 *(.stab.index)

.stab.indexstr
 *(.stab.indexstr)

.comment
 *(.comment)

.debug
 *(.debug)

.line
 *(.line)

.debug_srcinfo
 *(.debug_srcinfo)

.debug_sfnames
 *(.debug_sfnames)

.debug_aranges  0x0000000000000000      0x160
 *(.debug_aranges)
 .debug_aranges
                0x0000000000000000       0x20 obj/main.o
 .debug_aranges
                0x0000000000000020       0x20 obj/CP2200.o
 .debug_aranges
                0x0000000000000040       0x20 obj/uip.o
 .debug_aranges
                0x0000000000000060       0x20 obj/uip_arp.o
 .debug_aranges
                0x0000000000000080       0x20 obj/uiplib.o
 .debug_aranges
                0x00000000000000a0       0x20 obj/psock.o
 .debug_aranges
                0x00000000000000c0       0x20 obj/timer.o
 .debug_aranges
                0x00000000000000e0       0x20 obj/uip-neighbor.o
 .debug_aranges
                0x0000000000000100       0x20 obj/httpd.o
 .debug_aranges
                0x0000000000000120       0x20 obj/httpd-fs.o
 .debug_aranges
                0x0000000000000140       0x20 obj/httpd-cgi.o

.debug_pubnames
                0x0000000000000000      0xae1
 *(.debug_pubnames)
 .debug_pubnames
                0x0000000000000000      0x115 obj/main.o
 .debug_pubnames
                0x0000000000000115      0x11a obj/CP2200.o
 .debug_pubnames
                0x000000000000022f      0x1c5 obj/uip.o
 .debug_pubnames
                0x00000000000003f4       0x68 obj/uip_arp.o
 .debug_pubnames
                0x000000000000045c       0x28 obj/uiplib.o
 .debug_pubnames
                0x0000000000000484       0xa1 obj/psock.o
 .debug_pubnames
                0x0000000000000525       0x54 obj/timer.o
 .debug_pubnames
                0x0000000000000579       0x87 obj/uip-neighbor.o
 .debug_pubnames
                0x0000000000000600       0x39 obj/httpd.o
 .debug_pubnames
                0x0000000000000639      0x271 obj/http-strings.o
 .debug_pubnames
                0x00000000000008aa      0x217 obj/httpd-fs.o
 .debug_pubnames
                0x0000000000000ac1       0x20 obj/httpd-cgi.o

.debug_info     0x0000000000000000     0x5698
 *(.debug_info)
 .debug_info    0x0000000000000000      0xf1e obj/main.o
 .debug_info    0x0000000000000f1e      0x659 obj/CP2200.o
 .debug_info    0x0000000000001577      0xe92 obj/uip.o
 .debug_info    0x0000000000002409      0x4ae obj/uip_arp.o
 .debug_info    0x00000000000028b7       0xe9 obj/uiplib.o
 .debug_info    0x00000000000029a0      0x8ba obj/psock.o
 .debug_info    0x000000000000325a      0x10e obj/timer.o
 .debug_info    0x0000000000003368      0x2fc obj/uip-neighbor.o
 .debug_info    0x0000000000003664      0xaa7 obj/httpd.o
 .debug_info    0x000000000000410b      0x47d obj/http-strings.o
 .debug_info    0x0000000000004588      0x712 obj/httpd-fs.o
 .debug_info    0x0000000000004c9a      0x9fe obj/httpd-cgi.o
 *(.gnu.linkonce.wi.*)

.debug_abbrev   0x0000000000000000     0x15ec
 *(.debug_abbrev)
 .debug_abbrev  0x0000000000000000      0x355 obj/main.o
 .debug_abbrev  0x0000000000000355      0x23d obj/CP2200.o
 .debug_abbrev  0x0000000000000592      0x2c2 obj/uip.o
 .debug_abbrev  0x0000000000000854      0x1a0 obj/uip_arp.o
 .debug_abbrev  0x00000000000009f4       0x82 obj/uiplib.o
 .debug_abbrev  0x0000000000000a76      0x270 obj/psock.o
 .debug_abbrev  0x0000000000000ce6       0xb6 obj/timer.o
 .debug_abbrev  0x0000000000000d9c      0x163 obj/uip-neighbor.o
 .debug_abbrev  0x0000000000000eff      0x2c6 obj/httpd.o
 .debug_abbrev  0x00000000000011c5       0x6a obj/http-strings.o
 .debug_abbrev  0x000000000000122f      0x1f6 obj/httpd-fs.o
 .debug_abbrev  0x0000000000001425      0x1c7 obj/httpd-cgi.o

.debug_line     0x0000000000000000     0x367d
 *(.debug_line)
 .debug_line    0x0000000000000000      0xa3e obj/main.o
 .debug_line    0x0000000000000a3e      0x617 obj/CP2200.o
 .debug_line    0x0000000000001055      0xf3e obj/uip.o
 .debug_line    0x0000000000001f93      0x3a6 obj/uip_arp.o
 .debug_line    0x0000000000002339       0xce obj/uiplib.o
 .debug_line    0x0000000000002407      0x564 obj/psock.o
 .debug_line    0x000000000000296b       0xd0 obj/timer.o
 .debug_line    0x0000000000002a3b      0x1ca obj/uip-neighbor.o
 .debug_line    0x0000000000002c05      0x538 obj/httpd.o
 .debug_line    0x000000000000313d       0x8e obj/http-strings.o
 .debug_line    0x00000000000031cb      0x274 obj/httpd-fs.o
 .debug_line    0x000000000000343f      0x23e obj/httpd-cgi.o

.debug_frame    0x0000000000000000      0x680
 *(.debug_frame)
 .debug_frame   0x0000000000000000      0x130 obj/main.o
 .debug_frame   0x0000000000000130       0xe0 obj/CP2200.o
 .debug_frame   0x0000000000000210      0x120 obj/uip.o
 .debug_frame   0x0000000000000330       0x70 obj/uip_arp.o
 .debug_frame   0x00000000000003a0       0x20 obj/uiplib.o
 .debug_frame   0x00000000000003c0       0xb0 obj/psock.o
 .debug_frame   0x0000000000000470       0x50 obj/timer.o
 .debug_frame   0x00000000000004c0       0x60 obj/uip-neighbor.o
 .debug_frame   0x0000000000000520       0x70 obj/httpd.o
 .debug_frame   0x0000000000000590       0x60 obj/httpd-fs.o
 .debug_frame   0x00000000000005f0       0x90 obj/httpd-cgi.o

.debug_str      0x0000000000000000     0x107f
 *(.debug_str)
 .debug_str     0x0000000000000000      0x399 obj/main.o
                                        0x42d (size before relaxing)
 .debug_str     0x0000000000000399      0x14b obj/CP2200.o
                                        0x2cf (size before relaxing)
 .debug_str     0x00000000000004e4      0x30e obj/uip.o
                                        0x5f8 (size before relaxing)
 .debug_str     0x00000000000007f2      0x107 obj/uip_arp.o
                                        0x2c2 (size before relaxing)
 .debug_str     0x00000000000008f9       0x23 obj/uiplib.o
                                         0xf4 (size before relaxing)
 .debug_str     0x000000000000091c       0xeb obj/psock.o
                                        0x345 (size before relaxing)
 .debug_str     0x0000000000000a07       0x3a obj/timer.o
                                         0xa7 (size before relaxing)
 .debug_str     0x0000000000000a41       0xb7 obj/uip-neighbor.o
                                        0x1d6 (size before relaxing)
 .debug_str     0x0000000000000af8      0x1e3 obj/httpd.o
                                        0x445 (size before relaxing)
 .debug_str     0x0000000000000cdb       0xb9 obj/http-strings.o
                                        0x2a2 (size before relaxing)
 .debug_str     0x0000000000000d94      0x20a obj/httpd-fs.o
                                        0x32f (size before relaxing)
 .debug_str     0x0000000000000f9e       0xe1 obj/httpd-cgi.o
                                        0x3ec (size before relaxing)

.debug_loc      0x0000000000000000     0x1af7
 *(.debug_loc)
 .debug_loc     0x0000000000000000      0x613 obj/main.o
 .debug_loc     0x0000000000000613      0x395 obj/CP2200.o
 .debug_loc     0x00000000000009a8      0x3b4 obj/uip.o
 .debug_loc     0x0000000000000d5c       0xf0 obj/uip_arp.o
 .debug_loc     0x0000000000000e4c       0x6e obj/uiplib.o
 .debug_loc     0x0000000000000eba      0x2ef obj/psock.o
 .debug_loc     0x00000000000011a9       0xb8 obj/timer.o
 .debug_loc     0x0000000000001261      0x15f obj/uip-neighbor.o
 .debug_loc     0x00000000000013c0      0x338 obj/httpd.o
 .debug_loc     0x00000000000016f8      0x257 obj/httpd-fs.o
 .debug_loc     0x000000000000194f      0x1a8 obj/httpd-cgi.o

.debug_macinfo
 *(.debug_macinfo)
OUTPUT(uipws.elf elf32-avr)
LOAD linker stubs

.debug_ranges   0x0000000000000000      0x298
 .debug_ranges  0x0000000000000000       0x18 obj/main.o
 .debug_ranges  0x0000000000000018       0x18 obj/psock.o
 .debug_ranges  0x0000000000000030       0x60 obj/uip-neighbor.o
 .debug_ranges  0x0000000000000090      0x208 obj/httpd.o

Cross Reference Table

Symbol                                            File
AvailRAM                                          obj/main.o
CP2200_ReadPacket                                 obj/CP2200.o
CP2200_ReadRXBuffer                               obj/CP2200.o
CP2200_ReadTXBuffer                               obj/CP2200.o
CP2200_WritePacket                                obj/CP2200.o
CP2200_WriteRXBuffer                              obj/CP2200.o
CP2200_WriteTXBuffer                              obj/CP2200.o
InitUART                                          obj/main.o
Init_CP2000                                       obj/CP2200.o
__bad_interrupt                                   /usr/lib/gcc/avr/4.3.5/../../../avr/lib/avr5/crtm644p.o
__brkval                                          /usr/lib/gcc/avr/4.3.5/../../../avr/lib/avr5/libc.a(malloc.o)
__bss_end                                         /usr/lib/gcc/avr/4.3.5/avr5/libgcc.a(_clear_bss.o)
__bss_start                                       /usr/lib/gcc/avr/4.3.5/avr5/libgcc.a(_clear_bss.o)
__data_end                                        /usr/lib/gcc/avr/4.3.5/avr5/libgcc.a(_copy_data.o)
__data_load_start                                 /usr/lib/gcc/avr/4.3.5/avr5/libgcc.a(_copy_data.o)
__data_start                                      /usr/lib/gcc/avr/4.3.5/avr5/libgcc.a(_copy_data.o)
__do_clear_bss                                    /usr/lib/gcc/avr/4.3.5/avr5/libgcc.a(_clear_bss.o)
                                                  /usr/lib/gcc/avr/4.3.5/../../../avr/lib/avr5/libc.a(malloc.o)
                                                  obj/httpd-fs.o
                                                  obj/httpd.o
                                                  obj/uip-neighbor.o
                                                  obj/uip_arp.o
                                                  obj/uip.o
                                                  obj/CP2200.o
                                                  obj/main.o
__do_copy_data                                    /usr/lib/gcc/avr/4.3.5/avr5/libgcc.a(_copy_data.o)
                                                  /usr/lib/gcc/avr/4.3.5/../../../avr/lib/avr5/libc.a(malloc.o)
                                                  obj/httpd-cgi.o
                                                  obj/httpd-fs.o
                                                  obj/httpd.o
                                                  obj/uip_arp.o
                                                  obj/uip.o
                                                  obj/main.o
__epilogue_restores__                             /usr/lib/gcc/avr/4.3.5/avr5/libgcc.a(_epilogue.o)
                                                  /usr/lib/gcc/avr/4.3.5/../../../avr/lib/avr5/libc.a(vfprintf_std.o)
                                                  /usr/lib/gcc/avr/4.3.5/../../../avr/lib/avr5/libc.a(snprintf.o)
__flp                                             /usr/lib/gcc/avr/4.3.5/../../../avr/lib/avr5/libc.a(malloc.o)
__heap_end                                        /usr/lib/gcc/avr/4.3.5/../../../avr/lib/avr5/crtm644p.o
                                                  /usr/lib/gcc/avr/4.3.5/../../../avr/lib/avr5/libc.a(malloc.o)
__heap_start                                      /usr/lib/gcc/avr/4.3.5/../../../avr/lib/avr5/libc.a(malloc.o)
__init                                            /usr/lib/gcc/avr/4.3.5/../../../avr/lib/avr5/crtm644p.o
__malloc_heap_end                                 /usr/lib/gcc/avr/4.3.5/../../../avr/lib/avr5/libc.a(malloc.o)
__malloc_heap_start                               /usr/lib/gcc/avr/4.3.5/../../../avr/lib/avr5/libc.a(malloc.o)
__malloc_margin                                   /usr/lib/gcc/avr/4.3.5/../../../avr/lib/avr5/libc.a(malloc.o)
__mulhi_const_10                                  /usr/lib/gcc/avr/4.3.5/../../../avr/lib/avr5/libc.a(mul10.o)
                                                  /usr/lib/gcc/avr/4.3.5/../../../avr/lib/avr5/libc.a(atoi.o)
__prologue_saves__                                /usr/lib/gcc/avr/4.3.5/avr5/libgcc.a(_prologue.o)
                                                  /usr/lib/gcc/avr/4.3.5/../../../avr/lib/avr5/libc.a(vfprintf_std.o)
                                                  /usr/lib/gcc/avr/4.3.5/../../../avr/lib/avr5/libc.a(snprintf.o)
__stack                                           /usr/lib/gcc/avr/4.3.5/../../../avr/lib/avr5/crtm644p.o
__udivmodhi4                                      /usr/lib/gcc/avr/4.3.5/avr5/libgcc.a(_udivmodhi4.o)
                                                  /usr/lib/gcc/avr/4.3.5/../../../avr/lib/avr5/libc.a(itoa.o)
__ultoa_invert                                    /usr/lib/gcc/avr/4.3.5/../../../avr/lib/avr5/libc.a(ultoa_invert.o)
                                                  /usr/lib/gcc/avr/4.3.5/../../../avr/lib/avr5/libc.a(vfprintf_std.o)
__vector_1                                        /usr/lib/gcc/avr/4.3.5/../../../avr/lib/avr5/crtm644p.o
__vector_10                                       /usr/lib/gcc/avr/4.3.5/../../../avr/lib/avr5/crtm644p.o
__vector_11                                       /usr/lib/gcc/avr/4.3.5/../../../avr/lib/avr5/crtm644p.o
__vector_12                                       /usr/lib/gcc/avr/4.3.5/../../../avr/lib/avr5/crtm644p.o
__vector_13                                       /usr/lib/gcc/avr/4.3.5/../../../avr/lib/avr5/crtm644p.o
__vector_14                                       /usr/lib/gcc/avr/4.3.5/../../../avr/lib/avr5/crtm644p.o
__vector_15                                       /usr/lib/gcc/avr/4.3.5/../../../avr/lib/avr5/crtm644p.o
__vector_16                                       obj/main.o
                                                  /usr/lib/gcc/avr/4.3.5/../../../avr/lib/avr5/crtm644p.o
__vector_17                                       /usr/lib/gcc/avr/4.3.5/../../../avr/lib/avr5/crtm644p.o
__vector_18                                       /usr/lib/gcc/avr/4.3.5/../../../avr/lib/avr5/crtm644p.o
__vector_19                                       /usr/lib/gcc/avr/4.3.5/../../../avr/lib/avr5/crtm644p.o
__vector_2                                        obj/main.o
                                                  /usr/lib/gcc/avr/4.3.5/../../../avr/lib/avr5/crtm644p.o
__vector_20                                       /usr/lib/gcc/avr/4.3.5/../../../avr/lib/avr5/crtm644p.o
__vector_21                                       /usr/lib/gcc/avr/4.3.5/../../../avr/lib/avr5/crtm644p.o
__vector_22                                       /usr/lib/gcc/avr/4.3.5/../../../avr/lib/avr5/crtm644p.o
__vector_23                                       /usr/lib/gcc/avr/4.3.5/../../../avr/lib/avr5/crtm644p.o
__vector_24                                       /usr/lib/gcc/avr/4.3.5/../../../avr/lib/avr5/crtm644p.o
__vector_25                                       /usr/lib/gcc/avr/4.3.5/../../../avr/lib/avr5/crtm644p.o
__vector_26                                       /usr/lib/gcc/avr/4.3.5/../../../avr/lib/avr5/crtm644p.o
__vector_27                                       /usr/lib/gcc/avr/4.3.5/../../../avr/lib/avr5/crtm644p.o
__vector_28                                       /usr/lib/gcc/avr/4.3.5/../../../avr/lib/avr5/crtm644p.o
__vector_29                                       /usr/lib/gcc/avr/4.3.5/../../../avr/lib/avr5/crtm644p.o
__vector_3                                        /usr/lib/gcc/avr/4.3.5/../../../avr/lib/avr5/crtm644p.o
__vector_30                                       /usr/lib/gcc/avr/4.3.5/../../../avr/lib/avr5/crtm644p.o
__vector_4                                        /usr/lib/gcc/avr/4.3.5/../../../avr/lib/avr5/crtm644p.o
__vector_5                                        /usr/lib/gcc/avr/4.3.5/../../../avr/lib/avr5/crtm644p.o
__vector_6                                        /usr/lib/gcc/avr/4.3.5/../../../avr/lib/avr5/crtm644p.o
__vector_7                                        /usr/lib/gcc/avr/4.3.5/../../../avr/lib/avr5/crtm644p.o
__vector_8                                        /usr/lib/gcc/avr/4.3.5/../../../avr/lib/avr5/crtm644p.o
__vector_9                                        /usr/lib/gcc/avr/4.3.5/../../../avr/lib/avr5/crtm644p.o
__vector_default                                  /usr/lib/gcc/avr/4.3.5/../../../avr/lib/avr5/crtm644p.o
__vectors                                         /usr/lib/gcc/avr/4.3.5/../../../avr/lib/avr5/crtm644p.o
_exit                                             /usr/lib/gcc/avr/4.3.5/avr5/libgcc.a(_exit.o)
atoi                                              /usr/lib/gcc/avr/4.3.5/../../../avr/lib/avr5/libc.a(atoi.o)
                                                  obj/main.o
clock_init                                        obj/main.o
clock_time                                        obj/main.o
                                                  obj/timer.o
cmd_help                                          obj/main.o
cmd_ip                                            obj/main.o
cmd_netmask                                       obj/main.o
data_404_html                                     obj/httpd-fs.o
data_fade_png                                     obj/httpd-fs.o
data_files_shtml                                  obj/httpd-fs.o
data_footer_html                                  obj/httpd-fs.o
data_header_html                                  obj/httpd-fs.o
data_index_html                                   obj/httpd-fs.o
data_io_shtml                                     obj/httpd-fs.o
data_processes_shtml                              obj/httpd-fs.o
data_stats_shtml                                  obj/httpd-fs.o
data_style_css                                    obj/httpd-fs.o
data_tcp_shtml                                    obj/httpd-fs.o
exit                                              /usr/lib/gcc/avr/4.3.5/avr5/libgcc.a(_exit.o)
                                                  /usr/lib/gcc/avr/4.3.5/../../../avr/lib/avr5/crtm644p.o
file_404_html                                     obj/httpd-fs.o
file_fade_png                                     obj/httpd-fs.o
file_files_shtml                                  obj/httpd-fs.o
file_footer_html                                  obj/httpd-fs.o
file_header_html                                  obj/httpd-fs.o
file_index_html                                   obj/httpd-fs.o
file_io_shtml                                     obj/httpd-fs.o
file_processes_shtml                              obj/httpd-fs.o
file_stats_shtml                                  obj/httpd-fs.o
file_style_css                                    obj/httpd-fs.o
file_tcp_shtml                                    obj/httpd-fs.o
fputc                                             /usr/lib/gcc/avr/4.3.5/../../../avr/lib/avr5/libc.a(fputc.o)
                                                  /usr/lib/gcc/avr/4.3.5/../../../avr/lib/avr5/libc.a(vfprintf_std.o)
free                                              /usr/lib/gcc/avr/4.3.5/../../../avr/lib/avr5/libc.a(malloc.o)
                                                  obj/main.o
htons                                             obj/uip.o
                                                  obj/httpd-cgi.o
                                                  obj/main.o
http_10                                           obj/http-strings.o
http_11                                           obj/http-strings.o
http_200                                          obj/http-strings.o
http_301                                          obj/http-strings.o
http_302                                          obj/http-strings.o
http_404_html                                     obj/http-strings.o
                                                  obj/httpd.o
http_content_type                                 obj/http-strings.o
http_content_type_binary                          obj/http-strings.o
                                                  obj/httpd.o
http_content_type_css                             obj/http-strings.o
                                                  obj/httpd.o
http_content_type_gif                             obj/http-strings.o
                                                  obj/httpd.o
http_content_type_html                            obj/http-strings.o
                                                  obj/httpd.o
http_content_type_jpg                             obj/http-strings.o
                                                  obj/httpd.o
http_content_type_plain                           obj/http-strings.o
                                                  obj/httpd.o
http_content_type_png                             obj/http-strings.o
                                                  obj/httpd.o
http_content_type_text                            obj/http-strings.o
http_crnl                                         obj/http-strings.o
http_css                                          obj/http-strings.o
                                                  obj/httpd.o
http_get                                          obj/http-strings.o
                                                  obj/httpd.o
http_gif                                          obj/http-strings.o
                                                  obj/httpd.o
http_header_200                                   obj/http-strings.o
                                                  obj/httpd.o
http_header_404                                   obj/http-strings.o
                                                  obj/httpd.o
http_host                                         obj/http-strings.o
http_htm                                          obj/http-strings.o
http_html                                         obj/http-strings.o
                                                  obj/httpd.o
http_http                                         obj/http-strings.o
http_index_html                                   obj/http-strings.o
                                                  obj/httpd.o
http_jpg                                          obj/http-strings.o
                                                  obj/httpd.o
http_location                                     obj/http-strings.o
http_png                                          obj/http-strings.o
                                                  obj/httpd.o
http_referer                                      obj/http-strings.o
                                                  obj/httpd.o
http_shtml                                        obj/http-strings.o
                                                  obj/httpd.o
http_text                                         obj/http-strings.o
http_texthtml                                     obj/http-strings.o
http_txt                                          obj/http-strings.o
httpd_appcall                                     obj/httpd.o
                                                  obj/uip.o
httpd_cgi                                         obj/httpd-cgi.o
                                                  obj/httpd.o
httpd_fs_count                                    obj/httpd-fs.o
                                                  obj/httpd-cgi.o
httpd_fs_init                                     obj/httpd-fs.o
httpd_fs_open                                     obj/httpd-fs.o
                                                  obj/httpd.o
httpd_fs_open_P                                   obj/httpd-fs.o
                                                  obj/httpd.o
httpd_init                                        obj/httpd.o
                                                  obj/main.o
itoa                                              /usr/lib/gcc/avr/4.3.5/../../../avr/lib/avr5/libc.a(itoa.o)
                                                  obj/main.o
itohex                                            obj/main.o
                                                  obj/CP2200.o
main                                              obj/main.o
                                                  /usr/lib/gcc/avr/4.3.5/../../../avr/lib/avr5/crtm644p.o
malloc                                            /usr/lib/gcc/avr/4.3.5/../../../avr/lib/avr5/libc.a(malloc.o)
                                                  obj/main.o
memcpy                                            /usr/lib/gcc/avr/4.3.5/../../../avr/lib/avr5/libc.a(memcpy.o)
                                                  obj/psock.o
                                                  obj/uip.o
memcpy_P                                          /usr/lib/gcc/avr/4.3.5/../../../avr/lib/avr5/libc.a(memcpy_P.o)
                                                  obj/httpd.o
                                                  obj/uip.o
memset                                            /usr/lib/gcc/avr/4.3.5/../../../avr/lib/avr5/libc.a(memset.o)
                                                  obj/uip_arp.o
network_device_init                               obj/CP2200.o
                                                  obj/main.o
network_device_read                               obj/CP2200.o
                                                  obj/main.o
network_device_send                               obj/CP2200.o
                                                  obj/main.o
parse                                             obj/main.o
psock_datalen                                     obj/psock.o
                                                  obj/httpd.o
psock_generator_send                              obj/psock.o
                                                  obj/httpd-cgi.o
                                                  obj/httpd.o
psock_init                                        obj/psock.o
                                                  obj/httpd.o
psock_newdata                                     obj/psock.o
psock_readbuf                                     obj/psock.o
psock_readto                                      obj/psock.o
                                                  obj/httpd.o
psock_send                                        obj/psock.o
psock_send_P                                      obj/psock.o
                                                  obj/httpd.o
read_CP2200                                       obj/CP2200.o
sec_counter                                       obj/main.o
snprintf                                          /usr/lib/gcc/avr/4.3.5/../../../avr/lib/avr5/libc.a(snprintf.o)
                                                  obj/httpd-cgi.o
strchr                                            /usr/lib/gcc/avr/4.3.5/../../../avr/lib/avr5/libc.a(strchr.o)
                                                  obj/httpd-cgi.o
                                                  obj/httpd.o
strchr_P                                          /usr/lib/gcc/avr/4.3.5/../../../avr/lib/avr5/libc.a(strchr_P.o)
                                                  obj/httpd.o
strcmp_P                                          /usr/lib/gcc/avr/4.3.5/../../../avr/lib/avr5/libc.a(strcmp_P.o)
                                                  obj/main.o
strcpy_P                                          /usr/lib/gcc/avr/4.3.5/../../../avr/lib/avr5/libc.a(strcpy_P.o)
                                                  obj/httpd.o
strlen_P                                          /usr/lib/gcc/avr/4.3.5/../../../avr/lib/avr5/libc.a(strlen_P.o)
                                                  obj/httpd.o
strncmp                                           /usr/lib/gcc/avr/4.3.5/../../../avr/lib/avr5/libc.a(strncmp.o)
                                                  obj/httpd.o
strncmp_P                                         /usr/lib/gcc/avr/4.3.5/../../../avr/lib/avr5/libc.a(strncmp_P.o)
                                                  obj/httpd-cgi.o
                                                  obj/httpd.o
strncpy                                           /usr/lib/gcc/avr/4.3.5/../../../avr/lib/avr5/libc.a(strncpy.o)
                                                  obj/httpd.o
strncpy_P                                         /usr/lib/gcc/avr/4.3.5/../../../avr/lib/avr5/libc.a(strncpy_P.o)
                                                  obj/httpd.o
strnlen                                           /usr/lib/gcc/avr/4.3.5/../../../avr/lib/avr5/libc.a(strnlen.o)
                                                  /usr/lib/gcc/avr/4.3.5/../../../avr/lib/avr5/libc.a(vfprintf_std.o)
strnlen_P                                         /usr/lib/gcc/avr/4.3.5/../../../avr/lib/avr5/libc.a(strnlen_P.o)
                                                  /usr/lib/gcc/avr/4.3.5/../../../avr/lib/avr5/libc.a(vfprintf_std.o)
strrchr                                           /usr/lib/gcc/avr/4.3.5/../../../avr/lib/avr5/libc.a(strrchr.o)
                                                  obj/httpd.o
strrev                                            /usr/lib/gcc/avr/4.3.5/../../../avr/lib/avr5/libc.a(strrev.o)
                                                  /usr/lib/gcc/avr/4.3.5/../../../avr/lib/avr5/libc.a(itoa.o)
strupr                                            /usr/lib/gcc/avr/4.3.5/../../../avr/lib/avr5/libc.a(strupr.o)
                                                  obj/main.o
t                                                 obj/httpd.o
timer_expired                                     obj/timer.o
                                                  obj/main.o
timer_reset                                       obj/timer.o
                                                  obj/main.o
timer_restart                                     obj/timer.o
timer_set                                         obj/timer.o
                                                  obj/main.o
uart_getc                                         obj/main.o
uart_putc                                         obj/main.o
uart_putc_P                                       obj/main.o
uart_puts                                         obj/main.o
                                                  obj/httpd.o
                                                  obj/CP2200.o
uart_puts_P                                       obj/main.o
                                                  obj/httpd.o
                                                  obj/CP2200.o
uip_acc32                                         obj/uip.o
uip_add32                                         obj/uip.o
uip_appdata                                       obj/httpd-cgi.o
                                                  obj/httpd.o
                                                  obj/psock.o
                                                  obj/uip_arp.o
                                                  obj/uip.o
                                                  obj/CP2200.o
uip_arp_arpin                                     obj/uip_arp.o
                                                  obj/main.o
uip_arp_init                                      obj/uip_arp.o
                                                  obj/main.o
uip_arp_ipin                                      obj/uip_arp.o
                                                  obj/main.o
uip_arp_out                                       obj/uip_arp.o
                                                  obj/main.o
uip_arp_timer                                     obj/uip_arp.o
                                                  obj/main.o
uip_buf                                           obj/uip_arp.o
                                                  obj/uip.o
                                                  obj/CP2200.o
                                                  obj/main.o
uip_chksum                                        obj/uip.o
uip_conn                                          obj/httpd.o
                                                  obj/psock.o
                                                  obj/uip.o
                                                  obj/main.o
uip_connect                                       obj/uip.o
uip_conns                                         obj/httpd-cgi.o
                                                  obj/uip.o
                                                  obj/main.o
uip_draddr                                        obj/uip_arp.o
                                                  obj/uip.o
                                                  obj/CP2200.o
uip_ethaddr                                       obj/uip.o
                                                  obj/uip_arp.o
                                                  obj/CP2200.o
uip_flags                                         obj/httpd.o
                                                  obj/psock.o
                                                  obj/uip.o
uip_hostaddr                                      obj/uip_arp.o
                                                  obj/uip.o
                                                  obj/CP2200.o
                                                  obj/main.o
uip_init                                          obj/uip.o
                                                  obj/main.o
uip_ipchksum                                      obj/uip.o
uip_len                                           obj/psock.o
                                                  obj/uip_arp.o
                                                  obj/uip.o
                                                  obj/CP2200.o
                                                  obj/main.o
uip_listen                                        obj/uip.o
                                                  obj/httpd.o
uip_listenports                                   obj/uip.o
uip_log                                           obj/main.o
                                                  obj/uip.o
uip_neighbor_add                                  obj/uip-neighbor.o
uip_neighbor_init                                 obj/uip-neighbor.o
uip_neighbor_lookup                               obj/uip-neighbor.o
uip_neighbor_periodic                             obj/uip-neighbor.o
uip_neighbor_update                               obj/uip-neighbor.o
uip_netmask                                       obj/uip_arp.o
                                                  obj/uip.o
                                                  obj/CP2200.o
                                                  obj/main.o
uip_process                                       obj/uip.o
                                                  obj/main.o
uip_sappdata                                      obj/uip.o
uip_send                                          obj/uip.o
                                                  obj/psock.o
uip_send_P                                        obj/uip.o
                                                  obj/psock.o
uip_setipid                                       obj/uip.o
uip_slen                                          obj/uip.o
uip_stat                                          obj/httpd-cgi.o
                                                  obj/uip.o
uip_tcpchksum                                     obj/uip.o
uip_udpchksum                                     obj/uip.o
uip_unlisten                                      obj/uip.o
uiplib_ipaddrconv                                 obj/uiplib.o
vfprintf                                          /usr/lib/gcc/avr/4.3.5/../../../avr/lib/avr5/libc.a(vfprintf_std.o)
                                                  /usr/lib/gcc/avr/4.3.5/../../../avr/lib/avr5/libc.a(snprintf.o)
write_CP2200                                      obj/CP2200.o
